// Jest Snapshot v1, https://goo.gl/fbAQLP

exports[`Image render correctly 1`] = `<figure class="image"><img class="img"></figure>`;
